
> free-nextjs-admin-dashboard@2.0.2 build
> next build

   Γû▓ Next.js 15.2.3

   Creating an optimized production build ...
 Γ£ô Compiled successfully
   Linting and checking validity of types ...
node.exe : Failed to compile.
At line:1 char:1
+ & "C:\Program 
Files\nodejs/node.exe" 
"C:\Program 
Files\nodejs/node_mo ...
+ ~~~~~~~~~~~~~~~~~~~~~~~~~~~
~~~~~~~~~~~~~~~~~~~~~~~~~~~~~
~~~~~~~~~~~~~
    + CategoryInfo          
: N    otSpecified: (Failed 
to com    pile.:String) [], 
RemoteExc    eption
    + FullyQualifiedErrorId 
: N    ativeCommandError
 

.next/types/app/api/passwords
/[id]/route.ts:244:7
Type error: Type '{ __tag__: 
"DELETE"; 
__param_position__: 
"second"; __param_type__: { 
params: Promise<{ id: 
string; }> | { id: string; 
}; }; }' does not satisfy 
the constraint 
'ParamCheck<RouteContext>'.
  The types of 
'__param_type__.params' are 
incompatible between these 
types.
    Type 'Promise<{ id: 
string; }> | { id: string; 
}' is not assignable to type 
'Promise<any>'.
      Type '{ id: string; }' 
is missing the following 
properties from type 
'Promise<any>': then, catch, 
finally, [Symbol.toStringTag]

[0m [90m 242 |[39m     
[33mDiff[39m[33m<[39m[0m
[0m [90m 243 |[39m       
[33mParamCheck[39m[33m<[39
m[33mRouteContext[39m[33m>
[39m[33m,[39m[0m
[0m[31m[1m>[22m[39m[90m
 244 |[39m       {[0m
[0m [90m     |[39m       
[31m[1m^[22m[39m[0m
[0m [90m 245 |[39m        
 __tag__[33m:[39m 
[32m'DELETE'[39m[0m
[0m [90m 246 |[39m        
 __param_position__[33m:[39
m [32m'second'[39m[0m
[0m [90m 247 |[39m        
 __param_type__[33m:[39m [
33mSecondArg[39m[33m<[39m
[33mMaybeField[39m[33m<[39
m[33mTEntry[39m[33m,[39m 
[32m'DELETE'[39m[33m>>[39
m[0m
Next.js build worker exited 
with code: 1 and signal: null
